2026-06-03 14:51:37,670 INFO werkzeug : [31m[1mWARNING: This is a development server. Do not use it in a production deployment. Use a production WSGI server instead.[0m
 * Running on http://127.0.0.1:5000
2026-06-03 14:51:37,670 INFO werkzeug : [33mPress CTRL+C to quit[0m
2026-06-03 14:51:37,670 INFO werkzeug :  * Restarting with stat
2026-06-03 14:51:37,928 WARNING werkzeug :  * Debugger is active!
2026-06-03 14:51:37,937 INFO werkzeug :  * Debugger PIN: 833-047-769
2026-06-03 14:52:04,465 INFO werkzeug :  * Detected change in '/Users/Dhara/work/Projects/Flask/job-tracker-system/application-service/app/__init__.py', reloading
2026-06-03 14:52:04,552 INFO werkzeug :  * Restarting with stat
2026-06-03 14:52:04,907 WARNING werkzeug :  * Debugger is active!
2026-06-03 14:52:04,914 INFO werkzeug :  * Debugger PIN: 833-047-769
2026-06-03 14:52:10,332 INFO werkzeug : [31m[1mWARNING: This is a development server. Do not use it in a production deployment. Use a production WSGI server instead.[0m
 * Running on http://127.0.0.1:5000
2026-06-03 14:52:10,332 INFO werkzeug : [33mPress CTRL+C to quit[0m
2026-06-03 14:52:10,333 INFO werkzeug :  * Restarting with stat
2026-06-03 14:52:10,617 WARNING werkzeug :  * Debugger is active!
2026-06-03 14:52:10,623 INFO werkzeug :  * Debugger PIN: 833-047-769
2026-06-03 16:53:46,771 INFO werkzeug : [31m[1mWARNING: This is a development server. Do not use it in a production deployment. Use a production WSGI server instead.[0m
 * Running on http://127.0.0.1:5000
2026-06-03 16:53:46,772 INFO werkzeug : [33mPress CTRL+C to quit[0m
2026-06-03 16:53:46,772 INFO werkzeug :  * Restarting with stat
2026-06-03 16:53:47,035 WARNING werkzeug :  * Debugger is active!
2026-06-03 16:53:47,046 INFO werkzeug :  * Debugger PIN: 833-047-769
2026-06-03 17:52:24,066 INFO werkzeug : [31m[1mWARNING: This is a development server. Do not use it in a production deployment. Use a production WSGI server instead.[0m
 * Running on http://127.0.0.1:5000
2026-06-03 17:52:24,066 INFO werkzeug : [33mPress CTRL+C to quit[0m
2026-06-03 17:52:24,067 INFO werkzeug :  * Restarting with stat
2026-06-03 17:52:24,320 WARNING werkzeug :  * Debugger is active!
2026-06-03 17:52:24,326 INFO werkzeug :  * Debugger PIN: 833-047-769
2026-06-03 17:54:36,005 INFO werkzeug :  * Detected change in '/Users/Dhara/work/Projects/Flask/job-tracker-system/application-service/app/blueprints/applications/__init__.py', reloading
2026-06-03 17:54:36,105 INFO werkzeug :  * Restarting with stat
2026-06-03 17:54:36,513 WARNING werkzeug :  * Debugger is active!
2026-06-03 17:54:36,524 INFO werkzeug :  * Debugger PIN: 833-047-769
2026-06-03 17:55:12,280 INFO werkzeug :  * Detected change in '/Users/Dhara/work/Projects/Flask/job-tracker-system/application-service/app/__init__.py', reloading
2026-06-03 17:55:12,375 INFO werkzeug :  * Restarting with stat
2026-06-03 17:55:12,802 WARNING werkzeug :  * Debugger is active!
2026-06-03 17:55:12,807 INFO werkzeug :  * Debugger PIN: 833-047-769
2026-06-03 17:55:15,889 INFO werkzeug :  * Detected change in '/Users/Dhara/work/Projects/Flask/job-tracker-system/application-service/app/__init__.py', reloading
2026-06-03 17:55:15,958 INFO werkzeug :  * Restarting with stat
2026-06-03 17:55:16,218 WARNING werkzeug :  * Debugger is active!
2026-06-03 17:55:16,224 INFO werkzeug :  * Debugger PIN: 833-047-769
2026-06-11 15:15:04,092 INFO werkzeug : [31m[1mWARNING: This is a development server. Do not use it in a production deployment. Use a production WSGI server instead.[0m
 * Running on http://127.0.0.1:5003
2026-06-11 15:15:04,093 INFO werkzeug : [33mPress CTRL+C to quit[0m
2026-06-11 15:15:04,093 INFO werkzeug :  * Restarting with stat
2026-06-11 15:15:04,356 WARNING werkzeug :  * Debugger is active!
2026-06-11 15:15:04,365 INFO werkzeug :  * Debugger PIN: 833-047-769
2026-06-11 15:16:17,863 ERROR app : Unhandled exception: 'JWT_TOKEN_LOCATION'
Traceback (most recent call last):
  File "/Users/Dhara/work/Projects/Flask/job-tracker-system/venv/lib/python3.9/site-packages/flask/app.py", line 917, in full_dispatch_request
    rv = self.dispatch_request()
  File "/Users/Dhara/work/Projects/Flask/job-tracker-system/venv/lib/python3.9/site-packages/flask/app.py", line 902, in dispatch_request
    return self.ensure_sync(self.view_functions[rule.endpoint])(**view_args)  # type: ignore[no-any-return]
  File "/Users/Dhara/work/Projects/Flask/job-tracker-system/venv/lib/python3.9/site-packages/flask_jwt_extended/view_decorators.py", line 167, in decorator
    verify_jwt_in_request(
  File "/Users/Dhara/work/Projects/Flask/job-tracker-system/venv/lib/python3.9/site-packages/flask_jwt_extended/view_decorators.py", line 94, in verify_jwt_in_request
    jwt_data, jwt_header, jwt_location = _decode_jwt_from_request(
  File "/Users/Dhara/work/Projects/Flask/job-tracker-system/venv/lib/python3.9/site-packages/flask_jwt_extended/view_decorators.py", line 310, in _decode_jwt_from_request
    locations = config.token_location
  File "/Users/Dhara/work/Projects/Flask/job-tracker-system/venv/lib/python3.9/site-packages/flask_jwt_extended/config.py", line 44, in token_location
    locations = current_app.config["JWT_TOKEN_LOCATION"]
KeyError: 'JWT_TOKEN_LOCATION'
2026-06-11 15:16:17,872 INFO werkzeug : 127.0.0.1 - - [11/Jun/2026 15:16:17] "[35m[1mPOST /api/v1/applications/save HTTP/1.1[0m" 500 -
2026-06-11 15:18:14,807 ERROR app : Unhandled exception: 'JWT_TOKEN_LOCATION'
Traceback (most recent call last):
  File "/Users/Dhara/work/Projects/Flask/job-tracker-system/venv/lib/python3.9/site-packages/flask/app.py", line 917, in full_dispatch_request
    rv = self.dispatch_request()
  File "/Users/Dhara/work/Projects/Flask/job-tracker-system/venv/lib/python3.9/site-packages/flask/app.py", line 902, in dispatch_request
    return self.ensure_sync(self.view_functions[rule.endpoint])(**view_args)  # type: ignore[no-any-return]
  File "/Users/Dhara/work/Projects/Flask/job-tracker-system/venv/lib/python3.9/site-packages/flask_jwt_extended/view_decorators.py", line 167, in decorator
    verify_jwt_in_request(
  File "/Users/Dhara/work/Projects/Flask/job-tracker-system/venv/lib/python3.9/site-packages/flask_jwt_extended/view_decorators.py", line 94, in verify_jwt_in_request
    jwt_data, jwt_header, jwt_location = _decode_jwt_from_request(
  File "/Users/Dhara/work/Projects/Flask/job-tracker-system/venv/lib/python3.9/site-packages/flask_jwt_extended/view_decorators.py", line 310, in _decode_jwt_from_request
    locations = config.token_location
  File "/Users/Dhara/work/Projects/Flask/job-tracker-system/venv/lib/python3.9/site-packages/flask_jwt_extended/config.py", line 44, in token_location
    locations = current_app.config["JWT_TOKEN_LOCATION"]
KeyError: 'JWT_TOKEN_LOCATION'
2026-06-11 15:18:14,814 INFO werkzeug : 127.0.0.1 - - [11/Jun/2026 15:18:14] "[35m[1mPOST /api/v1/applications/save HTTP/1.1[0m" 500 -
2026-06-11 15:18:22,028 ERROR app : Unhandled exception: 404 Not Found: The requested URL was not found on the server. If you entered the URL manually please check your spelling and try again.
Traceback (most recent call last):
  File "/Users/Dhara/work/Projects/Flask/job-tracker-system/venv/lib/python3.9/site-packages/flask/app.py", line 917, in full_dispatch_request
    rv = self.dispatch_request()
  File "/Users/Dhara/work/Projects/Flask/job-tracker-system/venv/lib/python3.9/site-packages/flask/app.py", line 891, in dispatch_request
    self.raise_routing_exception(req)
  File "/Users/Dhara/work/Projects/Flask/job-tracker-system/venv/lib/python3.9/site-packages/flask/app.py", line 500, in raise_routing_exception
    raise request.routing_exception  # type: ignore[misc]
  File "/Users/Dhara/work/Projects/Flask/job-tracker-system/venv/lib/python3.9/site-packages/flask/ctx.py", line 362, in match_request
    result = self.url_adapter.match(return_rule=True)  # type: ignore
  File "/Users/Dhara/work/Projects/Flask/job-tracker-system/venv/lib/python3.9/site-packages/werkzeug/routing/map.py", line 629, in match
    raise NotFound() from None
werkzeug.exceptions.NotFound: 404 Not Found: The requested URL was not found on the server. If you entered the URL manually please check your spelling and try again.
2026-06-11 15:18:22,038 INFO werkzeug : 127.0.0.1 - - [11/Jun/2026 15:18:22] "[35m[1mPOST /api/v1/applications/save/ HTTP/1.1[0m" 500 -
2026-06-11 15:22:37,151 INFO werkzeug : [31m[1mWARNING: This is a development server. Do not use it in a production deployment. Use a production WSGI server instead.[0m
 * Running on http://127.0.0.1:5003
2026-06-11 15:22:37,151 INFO werkzeug : [33mPress CTRL+C to quit[0m
2026-06-11 15:22:37,152 INFO werkzeug :  * Restarting with stat
2026-06-11 15:22:37,412 WARNING werkzeug :  * Debugger is active!
2026-06-11 15:22:37,422 INFO werkzeug :  * Debugger PIN: 833-047-769
2026-06-11 15:22:42,921 ERROR app : Unhandled exception: 'JWT_TOKEN_LOCATION'
Traceback (most recent call last):
  File "/Users/Dhara/work/Projects/Flask/job-tracker-system/venv/lib/python3.9/site-packages/flask/app.py", line 917, in full_dispatch_request
    rv = self.dispatch_request()
  File "/Users/Dhara/work/Projects/Flask/job-tracker-system/venv/lib/python3.9/site-packages/flask/app.py", line 902, in dispatch_request
    return self.ensure_sync(self.view_functions[rule.endpoint])(**view_args)  # type: ignore[no-any-return]
  File "/Users/Dhara/work/Projects/Flask/job-tracker-system/venv/lib/python3.9/site-packages/flask_jwt_extended/view_decorators.py", line 167, in decorator
    verify_jwt_in_request(
  File "/Users/Dhara/work/Projects/Flask/job-tracker-system/venv/lib/python3.9/site-packages/flask_jwt_extended/view_decorators.py", line 94, in verify_jwt_in_request
    jwt_data, jwt_header, jwt_location = _decode_jwt_from_request(
  File "/Users/Dhara/work/Projects/Flask/job-tracker-system/venv/lib/python3.9/site-packages/flask_jwt_extended/view_decorators.py", line 310, in _decode_jwt_from_request
    locations = config.token_location
  File "/Users/Dhara/work/Projects/Flask/job-tracker-system/venv/lib/python3.9/site-packages/flask_jwt_extended/config.py", line 44, in token_location
    locations = current_app.config["JWT_TOKEN_LOCATION"]
KeyError: 'JWT_TOKEN_LOCATION'
2026-06-11 15:22:42,932 INFO werkzeug : 127.0.0.1 - - [11/Jun/2026 15:22:42] "[35m[1mPOST /api/v1/applications/save HTTP/1.1[0m" 500 -
2026-06-11 15:23:17,291 ERROR app : Unhandled exception: 'JWT_TOKEN_LOCATION'
Traceback (most recent call last):
  File "/Users/Dhara/work/Projects/Flask/job-tracker-system/venv/lib/python3.9/site-packages/flask/app.py", line 917, in full_dispatch_request
    rv = self.dispatch_request()
  File "/Users/Dhara/work/Projects/Flask/job-tracker-system/venv/lib/python3.9/site-packages/flask/app.py", line 902, in dispatch_request
    return self.ensure_sync(self.view_functions[rule.endpoint])(**view_args)  # type: ignore[no-any-return]
  File "/Users/Dhara/work/Projects/Flask/job-tracker-system/venv/lib/python3.9/site-packages/flask_jwt_extended/view_decorators.py", line 167, in decorator
    verify_jwt_in_request(
  File "/Users/Dhara/work/Projects/Flask/job-tracker-system/venv/lib/python3.9/site-packages/flask_jwt_extended/view_decorators.py", line 94, in verify_jwt_in_request
    jwt_data, jwt_header, jwt_location = _decode_jwt_from_request(
  File "/Users/Dhara/work/Projects/Flask/job-tracker-system/venv/lib/python3.9/site-packages/flask_jwt_extended/view_decorators.py", line 310, in _decode_jwt_from_request
    locations = config.token_location
  File "/Users/Dhara/work/Projects/Flask/job-tracker-system/venv/lib/python3.9/site-packages/flask_jwt_extended/config.py", line 44, in token_location
    locations = current_app.config["JWT_TOKEN_LOCATION"]
KeyError: 'JWT_TOKEN_LOCATION'
2026-06-11 15:23:17,293 INFO werkzeug : 127.0.0.1 - - [11/Jun/2026 15:23:17] "[35m[1mPOST /api/v1/applications/save HTTP/1.1[0m" 500 -
2026-06-11 15:26:54,716 INFO werkzeug :  * Detected change in '/Users/Dhara/work/Projects/Flask/job-tracker-system/application-service/app/extensions.py', reloading
2026-06-11 15:26:54,821 INFO werkzeug :  * Restarting with stat
2026-06-11 15:26:55,396 WARNING werkzeug :  * Debugger is active!
2026-06-11 15:26:55,402 INFO werkzeug :  * Debugger PIN: 833-047-769
2026-06-11 15:27:28,080 INFO werkzeug :  * Detected change in '/Users/Dhara/work/Projects/Flask/job-tracker-system/application-service/app/__init__.py', reloading
2026-06-11 15:27:28,166 INFO werkzeug :  * Restarting with stat
2026-06-11 15:27:28,540 WARNING werkzeug :  * Debugger is active!
2026-06-11 15:27:28,546 INFO werkzeug :  * Debugger PIN: 833-047-769
2026-06-11 15:28:00,246 INFO werkzeug :  * Detected change in '/Users/Dhara/work/Projects/Flask/job-tracker-system/application-service/app/__init__.py', reloading
2026-06-11 15:28:00,330 INFO werkzeug :  * Restarting with stat
2026-06-11 15:28:00,705 WARNING werkzeug :  * Debugger is active!
2026-06-11 15:28:00,713 INFO werkzeug :  * Debugger PIN: 833-047-769
2026-06-11 15:29:44,859 INFO werkzeug :  * Detected change in '/Users/Dhara/work/Projects/Flask/job-tracker-system/application-service/app/config.py', reloading
2026-06-11 15:29:44,984 INFO werkzeug :  * Restarting with stat
2026-06-11 15:29:45,413 WARNING werkzeug :  * Debugger is active!
2026-06-11 15:29:45,420 INFO werkzeug :  * Debugger PIN: 833-047-769
2026-06-11 15:30:50,766 INFO werkzeug :  * Detected change in '/Users/Dhara/work/Projects/Flask/job-tracker-system/application-service/app/config.py', reloading
2026-06-11 15:30:50,866 INFO werkzeug :  * Restarting with stat
2026-06-11 15:30:51,277 WARNING werkzeug :  * Debugger is active!
2026-06-11 15:30:51,285 INFO werkzeug :  * Debugger PIN: 833-047-769
2026-06-11 15:31:07,237 INFO werkzeug : [31m[1mWARNING: This is a development server. Do not use it in a production deployment. Use a production WSGI server instead.[0m
 * Running on http://127.0.0.1:5003
2026-06-11 15:31:07,237 INFO werkzeug : [33mPress CTRL+C to quit[0m
2026-06-11 15:31:07,238 INFO werkzeug :  * Restarting with stat
2026-06-11 15:31:07,522 WARNING werkzeug :  * Debugger is active!
2026-06-11 15:31:07,528 INFO werkzeug :  * Debugger PIN: 833-047-769
2026-06-11 15:31:28,065 INFO werkzeug : 127.0.0.1 - - [11/Jun/2026 15:31:28] "[31m[1mPOST /api/v1/applications/save HTTP/1.1[0m" 401 -
2026-06-11 15:34:30,386 INFO werkzeug : [31m[1mWARNING: This is a development server. Do not use it in a production deployment. Use a production WSGI server instead.[0m
 * Running on http://127.0.0.1:5003
2026-06-11 15:34:30,386 INFO werkzeug : [33mPress CTRL+C to quit[0m
2026-06-11 15:34:30,386 INFO werkzeug :  * Restarting with stat
2026-06-11 15:34:30,654 WARNING werkzeug :  * Debugger is active!
2026-06-11 15:34:30,664 INFO werkzeug :  * Debugger PIN: 833-047-769
2026-06-11 15:34:39,792 ERROR app : Unhandled exception: local variable 'job_code' referenced before assignment
Traceback (most recent call last):
  File "/Users/Dhara/work/Projects/Flask/job-tracker-system/venv/lib/python3.9/site-packages/flask/app.py", line 917, in full_dispatch_request
    rv = self.dispatch_request()
  File "/Users/Dhara/work/Projects/Flask/job-tracker-system/venv/lib/python3.9/site-packages/flask/app.py", line 902, in dispatch_request
    return self.ensure_sync(self.view_functions[rule.endpoint])(**view_args)  # type: ignore[no-any-return]
  File "/Users/Dhara/work/Projects/Flask/job-tracker-system/venv/lib/python3.9/site-packages/flask_jwt_extended/view_decorators.py", line 170, in decorator
    return current_app.ensure_sync(fn)(*args, **kwargs)
  File "/Users/Dhara/work/Projects/Flask/job-tracker-system/application-service/app/blueprints/applications/routes.py", line 19, in save_job
    job_code = data.get(job_code)
UnboundLocalError: local variable 'job_code' referenced before assignment
2026-06-11 15:34:39,804 INFO werkzeug : 127.0.0.1 - - [11/Jun/2026 15:34:39] "[35m[1mPOST /api/v1/applications/save HTTP/1.1[0m" 500 -
2026-06-11 15:36:36,163 INFO werkzeug :  * Detected change in '/Users/Dhara/work/Projects/Flask/job-tracker-system/application-service/app/blueprints/applications/routes.py', reloading
2026-06-11 15:36:36,264 INFO werkzeug :  * Restarting with stat
2026-06-11 15:36:36,682 WARNING werkzeug :  * Debugger is active!
2026-06-11 15:36:36,690 INFO werkzeug :  * Debugger PIN: 833-047-769
2026-06-11 15:36:55,028 INFO werkzeug : [31m[1mWARNING: This is a development server. Do not use it in a production deployment. Use a production WSGI server instead.[0m
 * Running on http://127.0.0.1:5003
2026-06-11 15:36:55,028 INFO werkzeug : [33mPress CTRL+C to quit[0m
2026-06-11 15:36:55,029 INFO werkzeug :  * Restarting with stat
2026-06-11 15:36:55,289 WARNING werkzeug :  * Debugger is active!
2026-06-11 15:36:55,295 INFO werkzeug :  * Debugger PIN: 833-047-769
2026-06-11 15:36:59,200 INFO werkzeug : 127.0.0.1 - - [11/Jun/2026 15:36:59] "[35m[1mPOST /api/v1/applications/save HTTP/1.1[0m" 201 -
2026-06-11 16:16:17,463 INFO werkzeug :  * Detected change in '/Users/Dhara/work/Projects/Flask/job-tracker-system/application-service/app/blueprints/applications/routes.py', reloading
2026-06-11 16:16:17,592 INFO werkzeug :  * Restarting with stat
2026-06-11 16:18:28,810 INFO werkzeug :  * Restarting with stat
2026-06-11 16:18:29,238 WARNING werkzeug :  * Debugger is active!
2026-06-11 16:18:29,245 INFO werkzeug :  * Debugger PIN: 833-047-769
2026-06-11 16:20:30,861 INFO werkzeug :  * Detected change in '/Users/Dhara/work/Projects/Flask/job-tracker-system/application-service/app/blueprints/applications/service.py', reloading
2026-06-11 16:20:30,944 INFO werkzeug :  * Restarting with stat
2026-06-11 16:20:31,368 WARNING werkzeug :  * Debugger is active!
2026-06-11 16:20:31,378 INFO werkzeug :  * Debugger PIN: 833-047-769
2026-06-11 16:21:18,419 INFO werkzeug :  * Detected change in '/Users/Dhara/work/Projects/Flask/job-tracker-system/application-service/app/blueprints/applications/service.py', reloading
2026-06-11 16:21:18,502 INFO werkzeug :  * Restarting with stat
2026-06-11 16:21:18,879 WARNING werkzeug :  * Debugger is active!
2026-06-11 16:21:18,886 INFO werkzeug :  * Debugger PIN: 833-047-769
2026-06-11 16:34:07,074 INFO werkzeug :  * Detected change in '/Users/Dhara/work/Projects/Flask/job-tracker-system/application-service/app/blueprints/applications/service.py', reloading
2026-06-11 16:34:07,154 INFO werkzeug :  * Restarting with stat
2026-06-11 16:34:07,590 WARNING werkzeug :  * Debugger is active!
2026-06-11 16:34:07,598 INFO werkzeug :  * Debugger PIN: 833-047-769
2026-06-11 16:34:44,385 INFO werkzeug :  * Detected change in '/Users/Dhara/work/Projects/Flask/job-tracker-system/application-service/app/blueprints/applications/service.py', reloading
2026-06-11 16:34:44,513 INFO werkzeug :  * Restarting with stat
2026-06-11 16:34:44,930 WARNING werkzeug :  * Debugger is active!
2026-06-11 16:34:44,936 INFO werkzeug :  * Debugger PIN: 833-047-769
2026-06-11 16:42:54,263 INFO werkzeug :  * Detected change in '/Users/Dhara/work/Projects/Flask/job-tracker-system/application-service/app/blueprints/applications/routes.py', reloading
2026-06-11 16:42:54,357 INFO werkzeug :  * Restarting with stat
2026-06-11 16:42:54,793 WARNING werkzeug :  * Debugger is active!
2026-06-11 16:42:54,807 INFO werkzeug :  * Debugger PIN: 833-047-769
2026-06-11 16:47:30,607 INFO werkzeug :  * Detected change in '/Users/Dhara/work/Projects/Flask/job-tracker-system/application-service/app/blueprints/applications/service.py', reloading
2026-06-11 16:47:30,696 INFO werkzeug :  * Restarting with stat
2026-06-11 16:47:31,138 WARNING werkzeug :  * Debugger is active!
2026-06-11 16:47:31,146 INFO werkzeug :  * Debugger PIN: 833-047-769
2026-06-11 16:47:39,344 INFO werkzeug :  * Detected change in '/Users/Dhara/work/Projects/Flask/job-tracker-system/application-service/app/blueprints/applications/routes.py', reloading
2026-06-11 16:47:39,452 INFO werkzeug :  * Restarting with stat
2026-06-11 16:48:21,726 INFO werkzeug :  * Restarting with stat
2026-06-11 16:48:22,124 WARNING werkzeug :  * Debugger is active!
2026-06-11 16:48:22,133 INFO werkzeug :  * Debugger PIN: 833-047-769
2026-06-11 16:59:35,159 INFO werkzeug :  * Detected change in '/Users/Dhara/work/Projects/Flask/job-tracker-system/application-service/app/blueprints/applications/service.py', reloading
2026-06-11 16:59:35,254 INFO werkzeug :  * Restarting with stat
2026-06-11 16:59:35,695 WARNING werkzeug :  * Debugger is active!
2026-06-11 16:59:35,704 INFO werkzeug :  * Debugger PIN: 833-047-769
2026-06-11 17:00:51,320 INFO werkzeug :  * Detected change in '/Users/Dhara/work/Projects/Flask/job-tracker-system/application-service/app/blueprints/applications/routes.py', reloading
2026-06-11 17:00:51,428 INFO werkzeug :  * Restarting with stat
2026-06-11 17:00:51,873 WARNING werkzeug :  * Debugger is active!
2026-06-11 17:00:51,881 INFO werkzeug :  * Debugger PIN: 541-207-809
2026-06-11 17:01:06,178 INFO werkzeug :  * Detected change in '/Users/Dhara/work/Projects/Flask/job-tracker-system/application-service/app/blueprints/applications/routes.py', reloading
2026-06-11 17:01:06,251 INFO werkzeug :  * Restarting with stat
2026-06-11 17:01:06,617 WARNING werkzeug :  * Debugger is active!
2026-06-11 17:01:06,627 INFO werkzeug :  * Debugger PIN: 541-207-809
2026-06-11 17:04:38,128 INFO werkzeug :  * Detected change in '/Users/Dhara/work/Projects/Flask/job-tracker-system/application-service/app/blueprints/applications/service.py', reloading
2026-06-11 17:04:38,225 INFO werkzeug :  * Restarting with stat
2026-06-11 17:04:38,652 WARNING werkzeug :  * Debugger is active!
2026-06-11 17:04:38,661 INFO werkzeug :  * Debugger PIN: 541-207-809
2026-06-11 17:22:49,982 INFO werkzeug :  * Detected change in '/Users/Dhara/work/Projects/Flask/job-tracker-system/application-service/app/blueprints/applications/routes.py', reloading
2026-06-11 17:22:50,070 INFO werkzeug :  * Restarting with stat
2026-06-11 17:23:01,818 INFO werkzeug :  * Restarting with stat
2026-06-11 17:23:16,562 INFO werkzeug :  * Restarting with stat
2026-06-11 17:24:03,003 INFO werkzeug :  * Restarting with stat
2026-06-11 17:24:03,420 WARNING werkzeug :  * Debugger is active!
2026-06-11 17:24:03,427 INFO werkzeug :  * Debugger PIN: 541-207-809
2026-06-11 17:24:26,919 INFO werkzeug :  * Detected change in '/Users/Dhara/work/Projects/Flask/job-tracker-system/application-service/app/blueprints/applications/routes.py', reloading
2026-06-11 17:24:27,005 INFO werkzeug :  * Restarting with stat
2026-06-11 17:24:27,378 WARNING werkzeug :  * Debugger is active!
2026-06-11 17:24:27,384 INFO werkzeug :  * Debugger PIN: 541-207-809
2026-06-11 17:24:32,502 INFO werkzeug :  * Detected change in '/Users/Dhara/work/Projects/Flask/job-tracker-system/application-service/app/blueprints/applications/service.py', reloading
2026-06-11 17:24:32,585 INFO werkzeug :  * Restarting with stat
2026-06-11 17:24:32,936 WARNING werkzeug :  * Debugger is active!
2026-06-11 17:24:32,944 INFO werkzeug :  * Debugger PIN: 541-207-809
2026-07-24 16:56:57,115 INFO werkzeug : [31m[1mWARNING: This is a development server. Do not use it in a production deployment. Use a production WSGI server instead.[0m
 * Running on http://127.0.0.1:5003
2026-07-24 16:56:57,115 INFO werkzeug : [33mPress CTRL+C to quit[0m
2026-07-24 16:56:57,116 INFO werkzeug :  * Restarting with stat
2026-07-24 16:56:57,444 WARNING werkzeug :  * Debugger is active!
2026-07-24 16:56:57,454 INFO werkzeug :  * Debugger PIN: 833-047-769
2026-07-24 17:00:11,123 INFO werkzeug : [31m[1mWARNING: This is a development server. Do not use it in a production deployment. Use a production WSGI server instead.[0m
 * Running on http://127.0.0.1:5003
2026-07-24 17:00:11,124 INFO werkzeug : [33mPress CTRL+C to quit[0m
2026-07-24 17:00:11,124 INFO werkzeug :  * Restarting with stat
2026-07-24 17:00:11,422 WARNING werkzeug :  * Debugger is active!
2026-07-24 17:00:11,434 INFO werkzeug :  * Debugger PIN: 833-047-769
2026-07-24 17:00:17,200 INFO werkzeug : 127.0.0.1 - - [24/Jul/2026 17:00:17] "[35m[1mPOST /api/v1/applications/save HTTP/1.1[0m" 201 -
2026-07-24 17:05:08,665 INFO werkzeug : 127.0.0.1 - - [24/Jul/2026 17:05:08] "[31m[1mGET /api/v1/applications/ HTTP/1.1[0m" 401 -
2026-07-24 17:05:41,093 INFO werkzeug : 127.0.0.1 - - [24/Jul/2026 17:05:41] "[31m[1mGET /api/v1/applications/ HTTP/1.1[0m" 401 -
2026-07-24 17:06:23,916 INFO werkzeug : 127.0.0.1 - - [24/Jul/2026 17:06:23] "[31m[1mGET /api/v1/applications/ HTTP/1.1[0m" 401 -
2026-07-24 17:14:30,619 INFO werkzeug : [31m[1mWARNING: This is a development server. Do not use it in a production deployment. Use a production WSGI server instead.[0m
 * Running on http://127.0.0.1:5003
2026-07-24 17:14:30,620 INFO werkzeug : [33mPress CTRL+C to quit[0m
2026-07-24 17:14:30,620 INFO werkzeug :  * Restarting with stat
2026-07-24 17:14:30,923 WARNING werkzeug :  * Debugger is active!
2026-07-24 17:14:30,935 INFO werkzeug :  * Debugger PIN: 833-047-769
2026-07-24 17:14:34,307 INFO werkzeug : 127.0.0.1 - - [24/Jul/2026 17:14:34] "[31m[1mGET /api/v1/applications/ HTTP/1.1[0m" 401 -
2026-07-24 17:16:00,848 INFO werkzeug : [31m[1mWARNING: This is a development server. Do not use it in a production deployment. Use a production WSGI server instead.[0m
 * Running on http://127.0.0.1:5002
2026-07-24 17:16:00,848 INFO werkzeug : [33mPress CTRL+C to quit[0m
2026-07-24 17:16:00,849 INFO werkzeug :  * Restarting with stat
2026-07-24 17:16:01,164 WARNING werkzeug :  * Debugger is active!
2026-07-24 17:16:01,172 INFO werkzeug :  * Debugger PIN: 833-047-769
2026-07-24 17:16:09,590 INFO werkzeug : 127.0.0.1 - - [24/Jul/2026 17:16:09] "[31m[1mGET /api/v1/applications/ HTTP/1.1[0m" 401 -
2026-07-24 17:18:23,979 INFO werkzeug : 127.0.0.1 - - [24/Jul/2026 17:18:23] "[35m[1mPOST /api/v1/applications/save HTTP/1.1[0m" 201 -
2026-07-24 17:19:35,181 INFO werkzeug : 127.0.0.1 - - [24/Jul/2026 17:19:35] "[31m[1mGET /api/v1/applications/ HTTP/1.1[0m" 401 -
2026-07-24 17:20:56,551 INFO werkzeug : 127.0.0.1 - - [24/Jul/2026 17:20:56] "[31m[1mGET /api/v1/applications/ HTTP/1.1[0m" 401 -
2026-07-24 17:22:10,053 INFO werkzeug : 127.0.0.1 - - [24/Jul/2026 17:22:10] "[32mGET /api/v1/applications HTTP/1.1[0m" 308 -
2026-07-24 17:22:10,059 INFO werkzeug : 127.0.0.1 - - [24/Jul/2026 17:22:10] "[31m[1mGET /api/v1/applications/ HTTP/1.1[0m" 401 -
2026-07-24 17:23:40,392 INFO werkzeug : 127.0.0.1 - - [24/Jul/2026 17:23:40] "[31m[1mGET /api/v1/applications/ HTTP/1.1[0m" 401 -
2026-07-24 17:23:45,353 INFO werkzeug : 127.0.0.1 - - [24/Jul/2026 17:23:45] "[32mGET /api/v1/applications HTTP/1.1[0m" 308 -
2026-07-24 17:23:45,354 INFO werkzeug : 127.0.0.1 - - [24/Jul/2026 17:23:45] "[31m[1mGET /api/v1/applications/ HTTP/1.1[0m" 401 -
2026-07-24 17:27:01,000 INFO werkzeug : 127.0.0.1 - - [24/Jul/2026 17:27:00] "[32mGET /api/v1/applications HTTP/1.1[0m" 308 -
2026-07-24 17:27:01,040 INFO werkzeug : 127.0.0.1 - - [24/Jul/2026 17:27:01] "GET /api/v1/applications/ HTTP/1.1" 200 -
2026-07-24 17:30:05,060 ERROR app : Unhandled exception: wrapper() missing 1 required positional argument: 'fn'
Traceback (most recent call last):
  File "/Users/Dhara/work/Projects/Flask/job-tracker-system/venv/lib/python3.9/site-packages/flask/app.py", line 917, in full_dispatch_request
    rv = self.dispatch_request()
  File "/Users/Dhara/work/Projects/Flask/job-tracker-system/venv/lib/python3.9/site-packages/flask/app.py", line 902, in dispatch_request
    return self.ensure_sync(self.view_functions[rule.endpoint])(**view_args)  # type: ignore[no-any-return]
TypeError: wrapper() missing 1 required positional argument: 'fn'
2026-07-24 17:30:05,066 INFO werkzeug : 127.0.0.1 - - [24/Jul/2026 17:30:05] "[35m[1mPOST /api/v1/applications/apply HTTP/1.1[0m" 500 -
2026-07-24 17:30:38,371 ERROR app : Unhandled exception: wrapper() missing 1 required positional argument: 'fn'
Traceback (most recent call last):
  File "/Users/Dhara/work/Projects/Flask/job-tracker-system/venv/lib/python3.9/site-packages/flask/app.py", line 917, in full_dispatch_request
    rv = self.dispatch_request()
  File "/Users/Dhara/work/Projects/Flask/job-tracker-system/venv/lib/python3.9/site-packages/flask/app.py", line 902, in dispatch_request
    return self.ensure_sync(self.view_functions[rule.endpoint])(**view_args)  # type: ignore[no-any-return]
TypeError: wrapper() missing 1 required positional argument: 'fn'
2026-07-24 17:30:38,374 INFO werkzeug : 127.0.0.1 - - [24/Jul/2026 17:30:38] "[35m[1mPOST /api/v1/applications/apply HTTP/1.1[0m" 500 -
2026-07-24 17:30:39,846 ERROR app : Unhandled exception: wrapper() missing 1 required positional argument: 'fn'
Traceback (most recent call last):
  File "/Users/Dhara/work/Projects/Flask/job-tracker-system/venv/lib/python3.9/site-packages/flask/app.py", line 917, in full_dispatch_request
    rv = self.dispatch_request()
  File "/Users/Dhara/work/Projects/Flask/job-tracker-system/venv/lib/python3.9/site-packages/flask/app.py", line 902, in dispatch_request
    return self.ensure_sync(self.view_functions[rule.endpoint])(**view_args)  # type: ignore[no-any-return]
TypeError: wrapper() missing 1 required positional argument: 'fn'
2026-07-24 17:30:39,847 INFO werkzeug : 127.0.0.1 - - [24/Jul/2026 17:30:39] "[35m[1mPOST /api/v1/applications/apply HTTP/1.1[0m" 500 -
2026-07-24 17:33:13,935 ERROR app : Unhandled exception: wrapper() missing 1 required positional argument: 'fn'
Traceback (most recent call last):
  File "/Users/Dhara/work/Projects/Flask/job-tracker-system/venv/lib/python3.9/site-packages/flask/app.py", line 917, in full_dispatch_request
    rv = self.dispatch_request()
  File "/Users/Dhara/work/Projects/Flask/job-tracker-system/venv/lib/python3.9/site-packages/flask/app.py", line 902, in dispatch_request
    return self.ensure_sync(self.view_functions[rule.endpoint])(**view_args)  # type: ignore[no-any-return]
TypeError: wrapper() missing 1 required positional argument: 'fn'
2026-07-24 17:33:13,937 INFO werkzeug : 127.0.0.1 - - [24/Jul/2026 17:33:13] "[35m[1mPOST /api/v1/applications/apply HTTP/1.1[0m" 500 -
2026-07-24 17:39:39,939 INFO werkzeug :  * Detected change in '/Users/Dhara/work/Projects/Flask/job-tracker-system/application-service/app/blueprints/applications/routes.py', reloading
2026-07-24 17:39:40,022 INFO werkzeug :  * Restarting with stat
2026-07-24 17:39:40,576 WARNING werkzeug :  * Debugger is active!
2026-07-24 17:39:40,585 INFO werkzeug :  * Debugger PIN: 833-047-769
2026-07-24 17:39:51,156 INFO werkzeug : 127.0.0.1 - - [24/Jul/2026 17:39:51] "[31m[1mPOST /api/v1/applications/apply HTTP/1.1[0m" 401 -
2026-07-24 17:41:36,883 INFO werkzeug : [31m[1mWARNING: This is a development server. Do not use it in a production deployment. Use a production WSGI server instead.[0m
 * Running on http://127.0.0.1:5002
2026-07-24 17:41:36,884 INFO werkzeug : [33mPress CTRL+C to quit[0m
2026-07-24 17:41:36,884 INFO werkzeug :  * Restarting with stat
2026-07-24 17:41:37,185 WARNING werkzeug :  * Debugger is active!
2026-07-24 17:41:37,191 INFO werkzeug :  * Debugger PIN: 833-047-769
2026-07-24 17:41:41,433 ERROR app : Unhandled exception: apply_job() takes 0 positional arguments but 3 were given
Traceback (most recent call last):
  File "/Users/Dhara/work/Projects/Flask/job-tracker-system/venv/lib/python3.9/site-packages/flask/app.py", line 917, in full_dispatch_request
    rv = self.dispatch_request()
  File "/Users/Dhara/work/Projects/Flask/job-tracker-system/venv/lib/python3.9/site-packages/flask/app.py", line 902, in dispatch_request
    return self.ensure_sync(self.view_functions[rule.endpoint])(**view_args)  # type: ignore[no-any-return]
  File "/Users/Dhara/work/Projects/Flask/job-tracker-system/venv/lib/python3.9/site-packages/flask_jwt_extended/view_decorators.py", line 170, in decorator
    return current_app.ensure_sync(fn)(*args, **kwargs)
  File "/Users/Dhara/work/Projects/Flask/job-tracker-system/application-service/app/blueprints/applications/routes.py", line 57, in apply_job
    response, status_code = apply_job(user_id, job_code,token)
  File "/Users/Dhara/work/Projects/Flask/job-tracker-system/venv/lib/python3.9/site-packages/flask_jwt_extended/view_decorators.py", line 170, in decorator
    return current_app.ensure_sync(fn)(*args, **kwargs)
TypeError: apply_job() takes 0 positional arguments but 3 were given
2026-07-24 17:41:41,440 INFO werkzeug : 127.0.0.1 - - [24/Jul/2026 17:41:41] "[35m[1mPOST /api/v1/applications/apply HTTP/1.1[0m" 500 -
2026-07-24 17:42:58,775 INFO werkzeug :  * Detected change in '/Users/Dhara/work/Projects/Flask/job-tracker-system/application-service/app/blueprints/applications/service.py', reloading
2026-07-24 17:42:58,868 INFO werkzeug :  * Restarting with stat
2026-07-24 17:43:12,761 INFO werkzeug :  * Restarting with stat
2026-07-24 17:43:13,210 WARNING werkzeug :  * Debugger is active!
2026-07-24 17:43:13,221 INFO werkzeug :  * Debugger PIN: 833-047-769
2026-07-24 17:43:20,389 INFO werkzeug :  * Detected change in '/Users/Dhara/work/Projects/Flask/job-tracker-system/application-service/app/blueprints/applications/routes.py', reloading
2026-07-24 17:43:20,475 INFO werkzeug :  * Restarting with stat
2026-07-24 17:43:20,885 WARNING werkzeug :  * Debugger is active!
2026-07-24 17:43:20,893 INFO werkzeug :  * Debugger PIN: 833-047-769
2026-07-24 17:43:28,359 ERROR app.clients.job_service : [JOB_SERVICE_ERROR] job_code=paypal-01 error=HTTPConnectionPool(host='localhost', port=5001): Max retries exceeded with url: /jobs/paypal-01 (Caused by NewConnectionError("HTTPConnection(host='localhost', port=5001): Failed to establish a new connection: [Errno 61] Connection refused"))
Traceback (most recent call last):
  File "/Users/Dhara/work/Projects/Flask/job-tracker-system/venv/lib/python3.9/site-packages/urllib3/connection.py", line 204, in _new_conn
    sock = connection.create_connection(
  File "/Users/Dhara/work/Projects/Flask/job-tracker-system/venv/lib/python3.9/site-packages/urllib3/util/connection.py", line 85, in create_connection
    raise err
  File "/Users/Dhara/work/Projects/Flask/job-tracker-system/venv/lib/python3.9/site-packages/urllib3/util/connection.py", line 73, in create_connection
    sock.connect(sa)
ConnectionRefusedError: [Errno 61] Connection refused

The above exception was the direct cause of the following exception:

Traceback (most recent call last):
  File "/Users/Dhara/work/Projects/Flask/job-tracker-system/venv/lib/python3.9/site-packages/urllib3/connectionpool.py", line 787, in urlopen
    response = self._make_request(
  File "/Users/Dhara/work/Projects/Flask/job-tracker-system/venv/lib/python3.9/site-packages/urllib3/connectionpool.py", line 493, in _make_request
    conn.request(
  File "/Users/Dhara/work/Projects/Flask/job-tracker-system/venv/lib/python3.9/site-packages/urllib3/connection.py", line 500, in request
    self.endheaders()
  File "/Library/Developer/CommandLineTools/Library/Frameworks/Python3.framework/Versions/3.9/lib/python3.9/http/client.py", line 1252, in endheaders
    self._send_output(message_body, encode_chunked=encode_chunked)
  File "/Library/Developer/CommandLineTools/Library/Frameworks/Python3.framework/Versions/3.9/lib/python3.9/http/client.py", line 1012, in _send_output
    self.send(msg)
  File "/Library/Developer/CommandLineTools/Library/Frameworks/Python3.framework/Versions/3.9/lib/python3.9/http/client.py", line 952, in send
    self.connect()
  File "/Users/Dhara/work/Projects/Flask/job-tracker-system/venv/lib/python3.9/site-packages/urllib3/connection.py", line 331, in connect
    self.sock = self._new_conn()
  File "/Users/Dhara/work/Projects/Flask/job-tracker-system/venv/lib/python3.9/site-packages/urllib3/connection.py", line 219, in _new_conn
    raise NewConnectionError(
urllib3.exceptions.NewConnectionError: HTTPConnection(host='localhost', port=5001): Failed to establish a new connection: [Errno 61] Connection refused

The above exception was the direct cause of the following exception:

Traceback (most recent call last):
  File "/Users/Dhara/work/Projects/Flask/job-tracker-system/venv/lib/python3.9/site-packages/requests/adapters.py", line 644, in send
    resp = conn.urlopen(
  File "/Users/Dhara/work/Projects/Flask/job-tracker-system/venv/lib/python3.9/site-packages/urllib3/connectionpool.py", line 841, in urlopen
    retries = retries.increment(
  File "/Users/Dhara/work/Projects/Flask/job-tracker-system/venv/lib/python3.9/site-packages/urllib3/util/retry.py", line 535, in increment
    raise MaxRetryError(_pool, url, reason) from reason  # type: ignore[arg-type]
urllib3.exceptions.MaxRetryError: HTTPConnectionPool(host='localhost', port=5001): Max retries exceeded with url: /jobs/paypal-01 (Caused by NewConnectionError("HTTPConnection(host='localhost', port=5001): Failed to establish a new connection: [Errno 61] Connection refused"))

During handling of the above exception, another exception occurred:

Traceback (most recent call last):
  File "/Users/Dhara/work/Projects/Flask/job-tracker-system/application-service/app/clients/job_service.py", line 11, in get_job_details
    response = requests.get(
  File "/Users/Dhara/work/Projects/Flask/job-tracker-system/venv/lib/python3.9/site-packages/requests/api.py", line 73, in get
    return request("get", url, params=params, **kwargs)
  File "/Users/Dhara/work/Projects/Flask/job-tracker-system/venv/lib/python3.9/site-packages/requests/api.py", line 59, in request
    return session.request(method=method, url=url, **kwargs)
  File "/Users/Dhara/work/Projects/Flask/job-tracker-system/venv/lib/python3.9/site-packages/requests/sessions.py", line 589, in request
    resp = self.send(prep, **send_kwargs)
  File "/Users/Dhara/work/Projects/Flask/job-tracker-system/venv/lib/python3.9/site-packages/requests/sessions.py", line 703, in send
    r = adapter.send(request, **kwargs)
  File "/Users/Dhara/work/Projects/Flask/job-tracker-system/venv/lib/python3.9/site-packages/requests/adapters.py", line 677, in send
    raise ConnectionError(e, request=request)
requests.exceptions.ConnectionError: HTTPConnectionPool(host='localhost', port=5001): Max retries exceeded with url: /jobs/paypal-01 (Caused by NewConnectionError("HTTPConnection(host='localhost', port=5001): Failed to establish a new connection: [Errno 61] Connection refused"))
2026-07-24 17:43:28,375 INFO werkzeug : 127.0.0.1 - - [24/Jul/2026 17:43:28] "[33mPOST /api/v1/applications/apply HTTP/1.1[0m" 404 -
2026-07-24 17:44:00,775 ERROR app.clients.job_service : [JOB_SERVICE_ERROR] job_code=ibm-01 error=HTTPConnectionPool(host='localhost', port=5001): Max retries exceeded with url: /jobs/ibm-01 (Caused by NewConnectionError("HTTPConnection(host='localhost', port=5001): Failed to establish a new connection: [Errno 61] Connection refused"))
Traceback (most recent call last):
  File "/Users/Dhara/work/Projects/Flask/job-tracker-system/venv/lib/python3.9/site-packages/urllib3/connection.py", line 204, in _new_conn
    sock = connection.create_connection(
  File "/Users/Dhara/work/Projects/Flask/job-tracker-system/venv/lib/python3.9/site-packages/urllib3/util/connection.py", line 85, in create_connection
    raise err
  File "/Users/Dhara/work/Projects/Flask/job-tracker-system/venv/lib/python3.9/site-packages/urllib3/util/connection.py", line 73, in create_connection
    sock.connect(sa)
ConnectionRefusedError: [Errno 61] Connection refused

The above exception was the direct cause of the following exception:

Traceback (most recent call last):
  File "/Users/Dhara/work/Projects/Flask/job-tracker-system/venv/lib/python3.9/site-packages/urllib3/connectionpool.py", line 787, in urlopen
    response = self._make_request(
  File "/Users/Dhara/work/Projects/Flask/job-tracker-system/venv/lib/python3.9/site-packages/urllib3/connectionpool.py", line 493, in _make_request
    conn.request(
  File "/Users/Dhara/work/Projects/Flask/job-tracker-system/venv/lib/python3.9/site-packages/urllib3/connection.py", line 500, in request
    self.endheaders()
  File "/Library/Developer/CommandLineTools/Library/Frameworks/Python3.framework/Versions/3.9/lib/python3.9/http/client.py", line 1252, in endheaders
    self._send_output(message_body, encode_chunked=encode_chunked)
  File "/Library/Developer/CommandLineTools/Library/Frameworks/Python3.framework/Versions/3.9/lib/python3.9/http/client.py", line 1012, in _send_output
    self.send(msg)
  File "/Library/Developer/CommandLineTools/Library/Frameworks/Python3.framework/Versions/3.9/lib/python3.9/http/client.py", line 952, in send
    self.connect()
  File "/Users/Dhara/work/Projects/Flask/job-tracker-system/venv/lib/python3.9/site-packages/urllib3/connection.py", line 331, in connect
    self.sock = self._new_conn()
  File "/Users/Dhara/work/Projects/Flask/job-tracker-system/venv/lib/python3.9/site-packages/urllib3/connection.py", line 219, in _new_conn
    raise NewConnectionError(
urllib3.exceptions.NewConnectionError: HTTPConnection(host='localhost', port=5001): Failed to establish a new connection: [Errno 61] Connection refused

The above exception was the direct cause of the following exception:

Traceback (most recent call last):
  File "/Users/Dhara/work/Projects/Flask/job-tracker-system/venv/lib/python3.9/site-packages/requests/adapters.py", line 644, in send
    resp = conn.urlopen(
  File "/Users/Dhara/work/Projects/Flask/job-tracker-system/venv/lib/python3.9/site-packages/urllib3/connectionpool.py", line 841, in urlopen
    retries = retries.increment(
  File "/Users/Dhara/work/Projects/Flask/job-tracker-system/venv/lib/python3.9/site-packages/urllib3/util/retry.py", line 535, in increment
    raise MaxRetryError(_pool, url, reason) from reason  # type: ignore[arg-type]
urllib3.exceptions.MaxRetryError: HTTPConnectionPool(host='localhost', port=5001): Max retries exceeded with url: /jobs/ibm-01 (Caused by NewConnectionError("HTTPConnection(host='localhost', port=5001): Failed to establish a new connection: [Errno 61] Connection refused"))

During handling of the above exception, another exception occurred:

Traceback (most recent call last):
  File "/Users/Dhara/work/Projects/Flask/job-tracker-system/application-service/app/clients/job_service.py", line 11, in get_job_details
    response = requests.get(
  File "/Users/Dhara/work/Projects/Flask/job-tracker-system/venv/lib/python3.9/site-packages/requests/api.py", line 73, in get
    return request("get", url, params=params, **kwargs)
  File "/Users/Dhara/work/Projects/Flask/job-tracker-system/venv/lib/python3.9/site-packages/requests/api.py", line 59, in request
    return session.request(method=method, url=url, **kwargs)
  File "/Users/Dhara/work/Projects/Flask/job-tracker-system/venv/lib/python3.9/site-packages/requests/sessions.py", line 589, in request
    resp = self.send(prep, **send_kwargs)
  File "/Users/Dhara/work/Projects/Flask/job-tracker-system/venv/lib/python3.9/site-packages/requests/sessions.py", line 703, in send
    r = adapter.send(request, **kwargs)
  File "/Users/Dhara/work/Projects/Flask/job-tracker-system/venv/lib/python3.9/site-packages/requests/adapters.py", line 677, in send
    raise ConnectionError(e, request=request)
requests.exceptions.ConnectionError: HTTPConnectionPool(host='localhost', port=5001): Max retries exceeded with url: /jobs/ibm-01 (Caused by NewConnectionError("HTTPConnection(host='localhost', port=5001): Failed to establish a new connection: [Errno 61] Connection refused"))
2026-07-24 17:44:00,777 INFO werkzeug : 127.0.0.1 - - [24/Jul/2026 17:44:00] "[33mPOST /api/v1/applications/apply HTTP/1.1[0m" 404 -
2026-07-24 17:44:43,115 INFO werkzeug : [31m[1mWARNING: This is a development server. Do not use it in a production deployment. Use a production WSGI server instead.[0m
 * Running on http://127.0.0.1:5002
2026-07-24 17:44:43,115 INFO werkzeug : [33mPress CTRL+C to quit[0m
2026-07-24 17:44:43,115 INFO werkzeug :  * Restarting with stat
2026-07-24 17:44:43,411 WARNING werkzeug :  * Debugger is active!
2026-07-24 17:44:43,417 INFO werkzeug :  * Debugger PIN: 833-047-769
2026-07-24 17:44:49,714 ERROR app.clients.job_service : [JOB_SERVICE_ERROR] job_code=ibm-01 error=HTTPConnectionPool(host='localhost', port=5001): Max retries exceeded with url: /jobs/ibm-01 (Caused by NewConnectionError("HTTPConnection(host='localhost', port=5001): Failed to establish a new connection: [Errno 61] Connection refused"))
Traceback (most recent call last):
  File "/Users/Dhara/work/Projects/Flask/job-tracker-system/venv/lib/python3.9/site-packages/urllib3/connection.py", line 204, in _new_conn
    sock = connection.create_connection(
  File "/Users/Dhara/work/Projects/Flask/job-tracker-system/venv/lib/python3.9/site-packages/urllib3/util/connection.py", line 85, in create_connection
    raise err
  File "/Users/Dhara/work/Projects/Flask/job-tracker-system/venv/lib/python3.9/site-packages/urllib3/util/connection.py", line 73, in create_connection
    sock.connect(sa)
ConnectionRefusedError: [Errno 61] Connection refused

The above exception was the direct cause of the following exception:

Traceback (most recent call last):
  File "/Users/Dhara/work/Projects/Flask/job-tracker-system/venv/lib/python3.9/site-packages/urllib3/connectionpool.py", line 787, in urlopen
    response = self._make_request(
  File "/Users/Dhara/work/Projects/Flask/job-tracker-system/venv/lib/python3.9/site-packages/urllib3/connectionpool.py", line 493, in _make_request
    conn.request(
  File "/Users/Dhara/work/Projects/Flask/job-tracker-system/venv/lib/python3.9/site-packages/urllib3/connection.py", line 500, in request
    self.endheaders()
  File "/Library/Developer/CommandLineTools/Library/Frameworks/Python3.framework/Versions/3.9/lib/python3.9/http/client.py", line 1252, in endheaders
    self._send_output(message_body, encode_chunked=encode_chunked)
  File "/Library/Developer/CommandLineTools/Library/Frameworks/Python3.framework/Versions/3.9/lib/python3.9/http/client.py", line 1012, in _send_output
    self.send(msg)
  File "/Library/Developer/CommandLineTools/Library/Frameworks/Python3.framework/Versions/3.9/lib/python3.9/http/client.py", line 952, in send
    self.connect()
  File "/Users/Dhara/work/Projects/Flask/job-tracker-system/venv/lib/python3.9/site-packages/urllib3/connection.py", line 331, in connect
    self.sock = self._new_conn()
  File "/Users/Dhara/work/Projects/Flask/job-tracker-system/venv/lib/python3.9/site-packages/urllib3/connection.py", line 219, in _new_conn
    raise NewConnectionError(
urllib3.exceptions.NewConnectionError: HTTPConnection(host='localhost', port=5001): Failed to establish a new connection: [Errno 61] Connection refused

The above exception was the direct cause of the following exception:

Traceback (most recent call last):
  File "/Users/Dhara/work/Projects/Flask/job-tracker-system/venv/lib/python3.9/site-packages/requests/adapters.py", line 644, in send
    resp = conn.urlopen(
  File "/Users/Dhara/work/Projects/Flask/job-tracker-system/venv/lib/python3.9/site-packages/urllib3/connectionpool.py", line 841, in urlopen
    retries = retries.increment(
  File "/Users/Dhara/work/Projects/Flask/job-tracker-system/venv/lib/python3.9/site-packages/urllib3/util/retry.py", line 535, in increment
    raise MaxRetryError(_pool, url, reason) from reason  # type: ignore[arg-type]
urllib3.exceptions.MaxRetryError: HTTPConnectionPool(host='localhost', port=5001): Max retries exceeded with url: /jobs/ibm-01 (Caused by NewConnectionError("HTTPConnection(host='localhost', port=5001): Failed to establish a new connection: [Errno 61] Connection refused"))

During handling of the above exception, another exception occurred:

Traceback (most recent call last):
  File "/Users/Dhara/work/Projects/Flask/job-tracker-system/application-service/app/clients/job_service.py", line 11, in get_job_details
    response = requests.get(
  File "/Users/Dhara/work/Projects/Flask/job-tracker-system/venv/lib/python3.9/site-packages/requests/api.py", line 73, in get
    return request("get", url, params=params, **kwargs)
  File "/Users/Dhara/work/Projects/Flask/job-tracker-system/venv/lib/python3.9/site-packages/requests/api.py", line 59, in request
    return session.request(method=method, url=url, **kwargs)
  File "/Users/Dhara/work/Projects/Flask/job-tracker-system/venv/lib/python3.9/site-packages/requests/sessions.py", line 589, in request
    resp = self.send(prep, **send_kwargs)
  File "/Users/Dhara/work/Projects/Flask/job-tracker-system/venv/lib/python3.9/site-packages/requests/sessions.py", line 703, in send
    r = adapter.send(request, **kwargs)
  File "/Users/Dhara/work/Projects/Flask/job-tracker-system/venv/lib/python3.9/site-packages/requests/adapters.py", line 677, in send
    raise ConnectionError(e, request=request)
requests.exceptions.ConnectionError: HTTPConnectionPool(host='localhost', port=5001): Max retries exceeded with url: /jobs/ibm-01 (Caused by NewConnectionError("HTTPConnection(host='localhost', port=5001): Failed to establish a new connection: [Errno 61] Connection refused"))
2026-07-24 17:44:49,742 INFO werkzeug : 127.0.0.1 - - [24/Jul/2026 17:44:49] "[33mPOST /api/v1/applications/apply HTTP/1.1[0m" 404 -
2026-07-24 17:45:02,856 INFO werkzeug :  * Detected change in '/Users/Dhara/work/Projects/Flask/job-tracker-system/application-service/app/blueprints/applications/service.py', reloading
2026-07-24 17:45:02,945 INFO werkzeug :  * Restarting with stat
2026-07-24 17:45:03,363 WARNING werkzeug :  * Debugger is active!
2026-07-24 17:45:03,369 INFO werkzeug :  * Debugger PIN: 833-047-769
2026-07-24 17:50:01,762 ERROR app.clients.job_service : [JOB_SERVICE_ERROR] job_code=ibm-01 error=500 Server Error: INTERNAL SERVER ERROR for url: http://localhost:5001/jobs/ibm-01
Traceback (most recent call last):
  File "/Users/Dhara/work/Projects/Flask/job-tracker-system/application-service/app/clients/job_service.py", line 18, in get_job_details
    response.raise_for_status()
  File "/Users/Dhara/work/Projects/Flask/job-tracker-system/venv/lib/python3.9/site-packages/requests/models.py", line 1026, in raise_for_status
    raise HTTPError(http_error_msg, response=self)
requests.exceptions.HTTPError: 500 Server Error: INTERNAL SERVER ERROR for url: http://localhost:5001/jobs/ibm-01
2026-07-24 17:50:01,767 INFO werkzeug : 127.0.0.1 - - [24/Jul/2026 17:50:01] "[33mPOST /api/v1/applications/apply HTTP/1.1[0m" 404 -
2026-07-24 17:54:00,842 ERROR app : Unhandled exception: 404 Not Found: The requested URL was not found on the server. If you entered the URL manually please check your spelling and try again.
Traceback (most recent call last):
  File "/Users/Dhara/work/Projects/Flask/job-tracker-system/venv/lib/python3.9/site-packages/flask/app.py", line 917, in full_dispatch_request
    rv = self.dispatch_request()
  File "/Users/Dhara/work/Projects/Flask/job-tracker-system/venv/lib/python3.9/site-packages/flask/app.py", line 891, in dispatch_request
    self.raise_routing_exception(req)
  File "/Users/Dhara/work/Projects/Flask/job-tracker-system/venv/lib/python3.9/site-packages/flask/app.py", line 500, in raise_routing_exception
    raise request.routing_exception  # type: ignore[misc]
  File "/Users/Dhara/work/Projects/Flask/job-tracker-system/venv/lib/python3.9/site-packages/flask/ctx.py", line 362, in match_request
    result = self.url_adapter.match(return_rule=True)  # type: ignore
  File "/Users/Dhara/work/Projects/Flask/job-tracker-system/venv/lib/python3.9/site-packages/werkzeug/routing/map.py", line 629, in match
    raise NotFound() from None
werkzeug.exceptions.NotFound: 404 Not Found: The requested URL was not found on the server. If you entered the URL manually please check your spelling and try again.
2026-07-24 17:54:00,852 INFO werkzeug : 127.0.0.1 - - [24/Jul/2026 17:54:00] "[35m[1mGET /applications/user-status HTTP/1.1[0m" 500 -
2026-07-24 17:55:32,928 ERROR app.clients.job_service : [JOB_SERVICE_ERROR] job_code=paypal-01 error=500 Server Error: INTERNAL SERVER ERROR for url: http://localhost:5001/jobs/paypal-01
Traceback (most recent call last):
  File "/Users/Dhara/work/Projects/Flask/job-tracker-system/application-service/app/clients/job_service.py", line 18, in get_job_details
    response.raise_for_status()
  File "/Users/Dhara/work/Projects/Flask/job-tracker-system/venv/lib/python3.9/site-packages/requests/models.py", line 1026, in raise_for_status
    raise HTTPError(http_error_msg, response=self)
requests.exceptions.HTTPError: 500 Server Error: INTERNAL SERVER ERROR for url: http://localhost:5001/jobs/paypal-01
2026-07-24 17:55:32,930 INFO werkzeug : 127.0.0.1 - - [24/Jul/2026 17:55:32] "[33mPOST /api/v1/applications/apply HTTP/1.1[0m" 404 -
2026-07-24 17:58:30,111 INFO werkzeug :  * Detected change in '/Users/Dhara/work/Projects/Flask/job-tracker-system/application-service/app/clients/job_service.py', reloading
2026-07-24 17:58:30,208 INFO werkzeug :  * Restarting with stat
2026-07-24 17:58:30,709 WARNING werkzeug :  * Debugger is active!
2026-07-24 17:58:30,721 INFO werkzeug :  * Debugger PIN: 833-047-769
2026-07-24 17:58:40,937 INFO werkzeug :  * Detected change in '/Users/Dhara/work/Projects/Flask/job-tracker-system/application-service/app/clients/job_service.py', reloading
2026-07-24 17:58:41,007 INFO werkzeug :  * Restarting with stat
2026-07-24 17:58:41,483 WARNING werkzeug :  * Debugger is active!
2026-07-24 17:58:41,493 INFO werkzeug :  * Debugger PIN: 833-047-769
2026-07-24 17:59:05,601 INFO werkzeug : 127.0.0.1 - - [24/Jul/2026 17:59:05] "[31m[1mPOST /api/v1/applications/apply HTTP/1.1[0m" 401 -
2026-07-24 18:00:18,968 INFO werkzeug : [31m[1mWARNING: This is a development server. Do not use it in a production deployment. Use a production WSGI server instead.[0m
 * Running on http://127.0.0.1:5002
2026-07-24 18:00:18,968 INFO werkzeug : [33mPress CTRL+C to quit[0m
2026-07-24 18:00:18,969 INFO werkzeug :  * Restarting with stat
2026-07-24 18:00:19,276 WARNING werkzeug :  * Debugger is active!
2026-07-24 18:00:19,283 INFO werkzeug :  * Debugger PIN: 833-047-769
2026-07-24 18:00:22,935 INFO werkzeug : 127.0.0.1 - - [24/Jul/2026 18:00:22] "POST /api/v1/applications/apply HTTP/1.1" 200 -
2026-07-24 18:04:11,874 INFO werkzeug : [31m[1mWARNING: This is a development server. Do not use it in a production deployment. Use a production WSGI server instead.[0m
 * Running on http://127.0.0.1:5002
2026-07-24 18:04:11,874 INFO werkzeug : [33mPress CTRL+C to quit[0m
2026-07-24 18:04:11,875 INFO werkzeug :  * Restarting with stat
2026-07-24 18:04:12,181 WARNING werkzeug :  * Debugger is active!
2026-07-24 18:04:12,187 INFO werkzeug :  * Debugger PIN: 833-047-769
2026-07-24 18:07:29,583 INFO app.blueprints.applications.routes : [GET_APPLICATION_STATUS_START] user_id=3
2026-07-24 18:07:29,615 INFO werkzeug : 127.0.0.1 - - [24/Jul/2026 18:07:29] "GET /api/v1/applications/user-status HTTP/1.1" 200 -
2026-07-24 18:56:27,753 INFO werkzeug : [31m[1mWARNING: This is a development server. Do not use it in a production deployment. Use a production WSGI server instead.[0m
 * Running on http://127.0.0.1:5002
2026-07-24 18:56:27,753 INFO werkzeug : [33mPress CTRL+C to quit[0m
2026-07-24 18:56:27,754 INFO werkzeug :  * Restarting with stat
2026-07-24 18:56:28,050 WARNING werkzeug :  * Debugger is active!
2026-07-24 18:56:28,057 INFO werkzeug :  * Debugger PIN: 833-047-769
2026-07-24 18:56:36,631 INFO werkzeug : 127.0.0.1 - - [24/Jul/2026 18:56:36] "[31m[1mPOST /api/v1/applications/apply HTTP/1.1[0m" 400 -
2026-07-25 14:41:43,088 INFO werkzeug : [31m[1mWARNING: This is a development server. Do not use it in a production deployment. Use a production WSGI server instead.[0m
 * Running on http://127.0.0.1:5002
2026-07-25 14:41:43,089 INFO werkzeug : [33mPress CTRL+C to quit[0m
2026-07-25 14:41:43,089 INFO werkzeug :  * Restarting with stat
2026-07-25 14:41:43,399 WARNING werkzeug :  * Debugger is active!
2026-07-25 14:41:43,405 INFO werkzeug :  * Debugger PIN: 833-047-769
2026-07-25 14:41:47,534 INFO app.blueprints.applications.routes : [GET_APPLICATION_STATUS_START] user_id=3
2026-07-25 14:41:47,551 INFO werkzeug : 127.0.0.1 - - [25/Jul/2026 14:41:47] "GET /api/v1/applications/user-status HTTP/1.1" 200 -
2026-07-25 17:09:36,688 INFO werkzeug : [31m[1mWARNING: This is a development server. Do not use it in a production deployment. Use a production WSGI server instead.[0m
 * Running on http://127.0.0.1:5002
2026-07-25 17:09:36,688 INFO werkzeug : [33mPress CTRL+C to quit[0m
2026-07-25 17:09:36,689 INFO werkzeug :  * Restarting with stat
2026-07-25 17:09:36,975 WARNING werkzeug :  * Debugger is active!
2026-07-25 17:09:36,981 INFO werkzeug :  * Debugger PIN: 833-047-769
2026-07-25 17:09:48,012 INFO app.blueprints.applications.routes : [GET_APPLICATION_STATUS_START] user_id=3
2026-07-25 17:09:48,029 INFO werkzeug : 127.0.0.1 - - [25/Jul/2026 17:09:48] "GET /api/v1/applications/user-status HTTP/1.1" 200 -
2026-07-25 17:12:15,850 INFO app.blueprints.applications.routes : [GET_APPLICATION_STATUS_START] user_id=3
2026-07-25 17:12:15,856 INFO werkzeug : 127.0.0.1 - - [25/Jul/2026 17:12:15] "GET /api/v1/applications/user-status HTTP/1.1" 200 -
2026-07-25 17:14:01,727 INFO app.blueprints.applications.routes : [GET_APPLICATION_STATUS_START] user_id=3
2026-07-25 17:14:01,733 INFO werkzeug : 127.0.0.1 - - [25/Jul/2026 17:14:01] "GET /api/v1/applications/user-status HTTP/1.1" 200 -
2026-07-25 17:16:46,252 INFO app.blueprints.applications.routes : [GET_APPLICATION_STATUS_START] user_id=3
2026-07-25 17:16:46,256 INFO werkzeug : 127.0.0.1 - - [25/Jul/2026 17:16:46] "GET /api/v1/applications/user-status HTTP/1.1" 200 -
2026-07-25 17:20:33,076 INFO app.blueprints.applications.routes : [GET_APPLICATION_STATUS_START] user_id=3
2026-07-25 17:20:33,081 INFO werkzeug : 127.0.0.1 - - [25/Jul/2026 17:20:33] "GET /api/v1/applications/user-status HTTP/1.1" 200 -
2026-07-25 17:21:19,679 INFO app.blueprints.applications.routes : [GET_APPLICATION_STATUS_START] user_id=3
2026-07-25 17:21:19,700 INFO werkzeug : 127.0.0.1 - - [25/Jul/2026 17:21:19] "GET /api/v1/applications/user-status HTTP/1.1" 200 -
2026-07-25 17:21:47,450 INFO app.blueprints.applications.routes : [GET_APPLICATION_STATUS_START] user_id=3
2026-07-25 17:21:47,455 INFO werkzeug : 127.0.0.1 - - [25/Jul/2026 17:21:47] "GET /api/v1/applications/user-status HTTP/1.1" 200 -
